04-12 10:47:01.403 199378 200115 E adb     : transport_usb.cpp:166 remote usb: 1 - write terminated: Connection timed out
04-12 10:47:01.404 199378 199378 I adb     : transport.cpp:425 BlockingConnectionAdapter(3300b8e62f44b35f): stopped
04-12 10:47:01.404 199378 199378 I adb     : transport.cpp:294 BlockingConnectionAdapter(3300b8e62f44b35f): destructing
04-12 10:47:01.404 199378 199378 I adb     : transport.cpp:400 BlockingConnectionAdapter(3300b8e62f44b35f): already stopped
04-12 10:47:02.336 199378 200168 I adb     : transport.cpp:335 3300b8e62f44b35f: read thread spawning
04-12 10:47:02.336 199378 200169 I adb     : transport.cpp:307 3300b8e62f44b35f: write thread spawning
04-12 10:47:02.340 199378 199378 I adb     : transport.cpp:1727 fetching keys for transport 3300b8e62f44b35f
04-12 10:47:02.340 199378 199378 I adb     : auth.cpp:468 Calling send_auth_response
04-12 10:47:02.354 199378 199378 I adb     : adb.cpp:176 3300b8e62f44b35f: offline
04-12 10:47:02.394 199378 199378 W adb     : sockets.cpp:310 timeout expired while flushing socket, closing
04-12 10:47:04.453 199378 200168 I adb     : transport.cpp:339 3300b8e62f44b35f: read failed: Cannot send after transport endpoint shutdown
04-12 10:47:04.454 199378 200168 I adb     : transport.cpp:1248 3300b8e62f44b35f: connection terminated: read failed
04-12 10:47:04.455 199378 199378 I adb     : adb.cpp:176 3300b8e62f44b35f: offline
04-12 10:47:04.455 199378 199378 I adb     : transport.cpp:931 destroying transport 3300b8e62f44b35f
04-12 10:47:04.455 199378 199378 I adb     : transport.cpp:407 BlockingConnectionAdapter(3300b8e62f44b35f): stopping
04-12 10:47:04.458 199378 199378 I adb     : transport.cpp:425 BlockingConnectionAdapter(3300b8e62f44b35f): stopped
04-12 10:47:04.458 199378 199378 I adb     : transport.cpp:294 BlockingConnectionAdapter(3300b8e62f44b35f): destructing
04-12 10:47:04.458 199378 199378 I adb     : transport.cpp:400 BlockingConnectionAdapter(3300b8e62f44b35f): already stopped
04-12 10:47:05.496 199378 200211 I adb     : transport.cpp:335 3300b8e62f44b35f: read thread spawning
04-12 10:47:05.496 199378 200212 I adb     : transport.cpp:307 3300b8e62f44b35f: write thread spawning
04-12 10:47:05.498 199378 199378 I adb     : transport.cpp:1727 fetching keys for transport 3300b8e62f44b35f
04-12 10:47:05.499 199378 199378 I adb     : auth.cpp:468 Calling send_auth_response
04-12 10:47:05.509 199378 199378 I adb     : adb.cpp:176 3300b8e62f44b35f: offline
04-12 10:47:08.353 199378 200211 I adb     : transport.cpp:339 3300b8e62f44b35f: read failed: Cannot send after transport endpoint shutdown
04-12 10:47:08.353 199378 200211 I adb     : transport.cpp:1248 3300b8e62f44b35f: connection terminated: read failed
04-12 10:47:08.355 199378 199378 I adb     : adb.cpp:176 3300b8e62f44b35f: offline
04-12 10:47:08.355 199378 199378 I adb     : transport.cpp:931 destroying transport 3300b8e62f44b35f
04-12 10:47:08.355 199378 199378 I adb     : transport.cpp:407 BlockingConnectionAdapter(3300b8e62f44b35f): stopping
04-12 10:47:08.355 199378 200212 E adb     : transport_usb.cpp:166 remote usb: 1 - write terminated: Connection timed out
04-12 10:47:08.355 199378 199378 I adb     : transport.cpp:425 BlockingConnectionAdapter(3300b8e62f44b35f): stopped
04-12 10:47:08.355 199378 199378 I adb     : transport.cpp:294 BlockingConnectionAdapter(3300b8e62f44b35f): destructing
04-12 10:47:08.356 199378 199378 I adb     : transport.cpp:400 BlockingConnectionAdapter(3300b8e62f44b35f): already stopped
04-12 10:47:09.341 199378 199378 W adb     : sockets.cpp:310 timeout expired while flushing socket, closing
04-12 10:47:10.830 199378 200263 I adb     : transport.cpp:335 3300b8e62f44b35f: read thread spawning
04-12 10:47:10.830 199378 200264 I adb     : transport.cpp:307 3300b8e62f44b35f: write thread spawning
04-12 10:47:10.833 199378 199378 I adb     : transport.cpp:1727 fetching keys for transport 3300b8e62f44b35f
04-12 10:47:10.833 199378 199378 I adb     : auth.cpp:468 Calling send_auth_response
04-12 10:47:10.843 199378 199378 I adb     : adb.cpp:176 3300b8e62f44b35f: offline
04-12 10:47:12.233 199378 200263 I adb     : transport.cpp:339 3300b8e62f44b35f: read failed: Cannot send after transport endpoint shutdown
04-12 10:47:12.233 199378 200263 I adb     : transport.cpp:1248 3300b8e62f44b35f: connection terminated: read failed
04-12 10:47:12.235 199378 199378 I adb     : adb.cpp:176 3300b8e62f44b35f: offline
04-12 10:47:12.235 199378 199378 I adb     : transport.cpp:931 destroying transport 3300b8e62f44b35f
04-12 10:47:12.235 199378 199378 I adb     : transport.cpp:407 BlockingConnectionAdapter(3300b8e62f44b35f): stopping
04-12 10:47:12.235 199378 199378 I adb     : transport.cpp:425 BlockingConnectionAdapter(3300b8e62f44b35f): stopped
04-12 10:47:12.235 199378 199378 I adb     : transport.cpp:294 BlockingConnectionAdapter(3300b8e62f44b35f): destructing
04-12 10:47:12.235 199378 199378 I adb     : transport.cpp:400 BlockingConnectionAdapter(3300b8e62f44b35f): already stopped
04-12 10:47:12.943 199378 200302 I adb     : transport.cpp:335 3300b8e62f44b35f: read thread spawning
04-12 10:47:12.944 199378 200303 I adb     : transport.cpp:307 3300b8e62f44b35f: write thread spawning
04-12 10:47:12.946 199378 199378 I adb     : transport.cpp:1727 fetching keys for transport 3300b8e62f44b35f
04-12 10:47:12.946 199378 199378 I adb     : auth.cpp:468 Calling send_auth_response
04-12 10:47:12.956 199378 199378 I adb     : adb.cpp:176 3300b8e62f44b35f: offline
04-12 10:47:29.148 199378 200302 I adb     : transport.cpp:339 3300b8e62f44b35f: read failed: Cannot send after transport endpoint shutdown
04-12 10:47:29.148 199378 200302 I adb     : transport.cpp:1248 3300b8e62f44b35f: connection terminated: read failed
04-12 10:47:29.149 199378 199378 I adb     : adb.cpp:176 3300b8e62f44b35f: offline
04-12 10:47:29.149 199378 199378 I adb     : transport.cpp:931 destroying transport 3300b8e62f44b35f
04-12 10:47:29.149 199378 199378 I adb     : transport.cpp:407 BlockingConnectionAdapter(3300b8e62f44b35f): stopping
04-12 10:47:29.150 199378 199378 I adb     : transport.cpp:425 BlockingConnectionAdapter(3300b8e62f44b35f): stopped
04-12 10:47:29.150 199378 199378 I adb     : transport.cpp:294 BlockingConnectionAdapter(3300b8e62f44b35f): destructing
04-12 10:47:29.150 199378 199378 I adb     : transport.cpp:400 BlockingConnectionAdapter(3300b8e62f44b35f): already stopped
04-12 21:46:26.951 199378 207456 I adb     : transport.cpp:335 3300b8e62f44b35f: read thread spawning
04-12 21:46:26.951 199378 207457 I adb     : transport.cpp:307 3300b8e62f44b35f: write thread spawning
04-12 21:46:26.955 199378 199378 I adb     : transport.cpp:1727 fetching keys for transport 3300b8e62f44b35f
04-12 21:46:26.955 199378 199378 I adb     : auth.cpp:468 Calling send_auth_response
04-12 21:46:26.984 199378 199378 I adb     : adb.cpp:176 3300b8e62f44b35f: offline
04-12 21:46:34.026 199378 207456 I adb     : transport.cpp:339 3300b8e62f44b35f: read failed: Cannot send after transport endpoint shutdown
04-12 21:46:34.026 199378 207456 I adb     : transport.cpp:1248 3300b8e62f44b35f: connection terminated: read failed
04-12 21:46:34.027 199378 199378 I adb     : adb.cpp:176 3300b8e62f44b35f: offline
04-12 21:46:34.027 199378 199378 I adb     : transport.cpp:931 destroying transport 3300b8e62f44b35f
04-12 21:46:34.027 199378 199378 I adb     : transport.cpp:407 BlockingConnectionAdapter(3300b8e62f44b35f): stopping
04-12 21:46:34.027 199378 199378 I adb     : transport.cpp:425 BlockingConnectionAdapter(3300b8e62f44b35f): stopped
04-12 21:46:34.027 199378 199378 I adb     : transport.cpp:294 BlockingConnectionAdapter(3300b8e62f44b35f): destructing
04-12 21:46:34.027 199378 199378 I adb     : transport.cpp:400 BlockingConnectionAdapter(3300b8e62f44b35f): already stopped
04-12 21:46:35.759 199378 207511 I adb     : transport.cpp:307 3300b8e62f44b35f: write thread spawning
04-12 21:46:35.759 199378 207510 I adb     : transport.cpp:335 3300b8e62f44b35f: read thread spawning
04-12 21:46:35.765 199378 199378 I adb     : transport.cpp:1727 fetching keys for transport 3300b8e62f44b35f
04-12 21:46:35.765 199378 199378 I adb     : auth.cpp:468 Calling send_auth_response
04-12 21:46:35.776 199378 199378 I adb     : adb.cpp:176 3300b8e62f44b35f: offline
04-12 22:23:22.084 199378 207510 I adb     : transport.cpp:339 3300b8e62f44b35f: read failed: Cannot send after transport endpoint shutdown
04-12 22:23:22.084 199378 207510 I adb     : transport.cpp:1248 3300b8e62f44b35f: connection terminated: read failed
04-12 22:23:22.084 199378 199378 I adb     : adb.cpp:176 3300b8e62f44b35f: offline
04-12 22:23:22.084 199378 199378 I adb     : transport.cpp:931 destroying transport 3300b8e62f44b35f
04-12 22:23:22.084 199378 199378 I adb     : transport.cpp:407 BlockingConnectionAdapter(3300b8e62f44b35f): stopping
04-12 22:23:22.084 199378 199378 I adb     : transport.cpp:425 BlockingConnectionAdapter(3300b8e62f44b35f): stopped
04-12 22:23:22.084 199378 199378 I adb     : transport.cpp:294 BlockingConnectionAdapter(3300b8e62f44b35f): destructing
04-12 22:23:22.085 199378 199378 I adb     : transport.cpp:400 BlockingConnectionAdapter(3300b8e62f44b35f): already stopped
04-13 22:02:19.539 199378 219311 I adb     : transport.cpp:335 3300b8e62f44b35f: read thread spawning
04-13 22:02:19.539 199378 219312 I adb     : transport.cpp:307 3300b8e62f44b35f: write thread spawning
04-13 22:02:19.542 199378 199378 I adb     : adb.cpp:172 3300b8e62f44b35f: already offline
04-13 22:04:01.809 199378 219311 I adb     : transport.cpp:339 3300b8e62f44b35f: read failed: Protocol error
04-13 22:04:01.810 199378 219311 I adb     : transport.cpp:1248 3300b8e62f44b35f: connection terminated: read failed
04-13 22:04:01.810 199378 199378 I adb     : adb.cpp:176 3300b8e62f44b35f: offline
04-13 22:04:01.811 199378 199378 I adb     : transport.cpp:931 destroying transport 3300b8e62f44b35f
04-13 22:04:01.811 199378 199378 I adb     : transport.cpp:407 BlockingConnectionAdapter(3300b8e62f44b35f): stopping
04-13 22:04:01.811 199378 199378 I adb     : transport.cpp:425 BlockingConnectionAdapter(3300b8e62f44b35f): stopped
04-13 22:04:01.811 199378 199378 I adb     : transport.cpp:294 BlockingConnectionAdapter(3300b8e62f44b35f): destructing
04-13 22:04:01.811 199378 199378 I adb     : transport.cpp:400 BlockingConnectionAdapter(3300b8e62f44b35f): already stopped
04-13 22:44:54.918 199378 220103 I adb     : transport.cpp:307 3300b8e62f44b35f: write thread spawning
04-13 22:44:54.918 199378 220102 I adb     : transport.cpp:335 3300b8e62f44b35f: read thread spawning
04-13 22:44:54.921 199378 199378 I adb     : transport.cpp:1727 fetching keys for transport 3300b8e62f44b35f
04-13 22:44:54.921 199378 199378 I adb     : auth.cpp:468 Calling send_auth_response
04-13 22:44:54.941 199378 199378 I adb     : adb.cpp:176 3300b8e62f44b35f: offline
04-13 22:44:59.542 199378 220102 I adb     : transport.cpp:339 3300b8e62f44b35f: read failed: Cannot send after transport endpoint shutdown
04-13 22:44:59.542 199378 220102 I adb     : transport.cpp:1248 3300b8e62f44b35f: connection terminated: read failed
04-13 22:44:59.544 199378 199378 I adb     : adb.cpp:176 3300b8e62f44b35f: offline
04-13 22:44:59.544 199378 199378 I adb     : transport.cpp:931 destroying transport 3300b8e62f44b35f
04-13 22:44:59.544 199378 199378 I adb     : transport.cpp:407 BlockingConnectionAdapter(3300b8e62f44b35f): stopping
04-13 22:44:59.545 199378 199378 I adb     : transport.cpp:425 BlockingConnectionAdapter(3300b8e62f44b35f): stopped
04-13 22:44:59.545 199378 199378 I adb     : transport.cpp:294 BlockingConnectionAdapter(3300b8e62f44b35f): destructing
04-13 22:44:59.545 199378 199378 I adb     : transport.cpp:400 BlockingConnectionAdapter(3300b8e62f44b35f): already stopped
04-13 22:45:00.188 199378 220153 I adb     : transport.cpp:335 3300b8e62f44b35f: read thread spawning
04-13 22:45:00.188 199378 220154 I adb     : transport.cpp:307 3300b8e62f44b35f: write thread spawning
04-13 22:45:00.192 199378 199378 I adb     : transport.cpp:1727 fetching keys for transport 3300b8e62f44b35f
04-13 22:45:00.192 199378 199378 I adb     : auth.cpp:468 Calling send_auth_response
04-13 22:45:00.211 199378 199378 I adb     : adb.cpp:176 3300b8e62f44b35f: offline
04-13 22:47:17.854 199378 220153 I adb     : transport.cpp:339 3300b8e62f44b35f: read failed: Protocol error
04-13 22:47:17.854 199378 220153 I adb     : transport.cpp:1248 3300b8e62f44b35f: connection terminated: read failed
04-13 22:47:17.854 199378 199378 I adb     : adb.cpp:176 3300b8e62f44b35f: offline
04-13 22:47:17.854 199378 199378 I adb     : transport.cpp:931 destroying transport 3300b8e62f44b35f
04-13 22:47:17.854 199378 199378 I adb     : transport.cpp:407 BlockingConnectionAdapter(3300b8e62f44b35f): stopping
04-13 22:47:17.857 199378 199378 I adb     : transport.cpp:425 BlockingConnectionAdapter(3300b8e62f44b35f): stopped
04-13 22:47:17.857 199378 199378 I adb     : transport.cpp:294 BlockingConnectionAdapter(3300b8e62f44b35f): destructing
04-13 22:47:17.857 199378 199378 I adb     : transport.cpp:400 BlockingConnectionAdapter(3300b8e62f44b35f): already stopped
04-13 22:52:19.571 199378 220513 I adb     : transport.cpp:335 3300b8e62f44b35f: read thread spawning
04-13 22:52:19.571 199378 220514 I adb     : transport.cpp:307 3300b8e62f44b35f: write thread spawning
04-13 22:52:19.572 199378 199378 I adb     : adb.cpp:172 3300b8e62f44b35f: already offline
04-13 22:54:48.439 199378 220513 I adb     : transport.cpp:339 3300b8e62f44b35f: read failed: Cannot send after transport endpoint shutdown
04-13 22:54:48.439 199378 220513 I adb     : transport.cpp:1248 3300b8e62f44b35f: connection terminated: read failed
04-13 22:54:48.441 199378 199378 I adb     : adb.cpp:176 3300b8e62f44b35f: offline
04-13 22:54:48.441 199378 199378 I adb     : transport.cpp:931 destroying transport 3300b8e62f44b35f
04-13 22:54:48.441 199378 199378 I adb     : transport.cpp:407 BlockingConnectionAdapter(3300b8e62f44b35f): stopping
04-13 22:54:48.442 199378 199378 I adb     : transport.cpp:425 BlockingConnectionAdapter(3300b8e62f44b35f): stopped
04-13 22:54:48.442 199378 199378 I adb     : transport.cpp:294 BlockingConnectionAdapter(3300b8e62f44b35f): destructing
04-13 22:54:48.442 199378 199378 I adb     : transport.cpp:400 BlockingConnectionAdapter(3300b8e62f44b35f): already stopped
04-13 23:07:34.752 199378 221525 I adb     : transport.cpp:335 3300b8e62f44b35f: read thread spawning
04-13 23:07:34.752 199378 221526 I adb     : transport.cpp:307 3300b8e62f44b35f: write thread spawning
04-13 23:07:34.756 199378 199378 I adb     : transport.cpp:1727 fetching keys for transport 3300b8e62f44b35f
04-13 23:07:34.756 199378 199378 I adb     : auth.cpp:468 Calling send_auth_response
04-13 23:07:34.770 199378 199378 I adb     : adb.cpp:176 3300b8e62f44b35f: offline
04-13 23:07:40.117 199378 221525 I adb     : transport.cpp:339 3300b8e62f44b35f: read failed: Protocol error
04-13 23:07:40.117 199378 221525 I adb     : transport.cpp:1248 3300b8e62f44b35f: connection terminated: read failed
04-13 23:07:40.121 199378 199378 I adb     : adb.cpp:176 3300b8e62f44b35f: offline
04-13 23:07:40.121 199378 199378 I adb     : transport.cpp:931 destroying transport 3300b8e62f44b35f
04-13 23:07:40.121 199378 199378 I adb     : transport.cpp:407 BlockingConnectionAdapter(3300b8e62f44b35f): stopping
04-13 23:07:40.122 199378 199378 I adb     : transport.cpp:425 BlockingConnectionAdapter(3300b8e62f44b35f): stopped
04-13 23:07:40.122 199378 199378 I adb     : transport.cpp:294 BlockingConnectionAdapter(3300b8e62f44b35f): destructing
04-13 23:07:40.122 199378 199378 I adb     : transport.cpp:400 BlockingConnectionAdapter(3300b8e62f44b35f): already stopped
04-13 23:07:41.070 199378 221588 I adb     : transport.cpp:335 3300b8e62f44b35f: read thread spawning
04-13 23:07:41.071 199378 221589 I adb     : transport.cpp:307 3300b8e62f44b35f: write thread spawning
04-13 23:07:41.073 199378 199378 I adb     : transport.cpp:1727 fetching keys for transport 3300b8e62f44b35f
04-13 23:07:41.073 199378 199378 I adb     : auth.cpp:468 Calling send_auth_response
04-13 23:07:41.083 199378 199378 I adb     : adb.cpp:176 3300b8e62f44b35f: offline
04-13 23:19:26.757 199378 221588 I adb     : transport.cpp:339 3300b8e62f44b35f: read failed: Protocol error
04-13 23:19:26.757 199378 221588 I adb     : transport.cpp:1248 3300b8e62f44b35f: connection terminated: read failed
04-13 23:19:26.757 199378 199378 I adb     : adb.cpp:176 3300b8e62f44b35f: offline
04-13 23:19:26.758 199378 199378 I adb     : transport.cpp:931 destroying transport 3300b8e62f44b35f
04-13 23:19:26.758 199378 199378 I adb     : transport.cpp:407 BlockingConnectionAdapter(3300b8e62f44b35f): stopping
04-13 23:19:26.760 199378 199378 I adb     : transport.cpp:425 BlockingConnectionAdapter(3300b8e62f44b35f): stopped
04-13 23:19:26.760 199378 199378 I adb     : transport.cpp:294 BlockingConnectionAdapter(3300b8e62f44b35f): destructing
04-13 23:19:26.760 199378 199378 I adb     : transport.cpp:400 BlockingConnectionAdapter(3300b8e62f44b35f): already stopped
04-14 02:24:28.535 199378 228828 I adb     : transport.cpp:335 3300b8e62f44b35f: read thread spawning
04-14 02:24:28.535 199378 228829 I adb     : transport.cpp:307 3300b8e62f44b35f: write thread spawning
04-14 02:24:28.539 199378 199378 I adb     : transport.cpp:1727 fetching keys for transport 3300b8e62f44b35f
04-14 02:24:28.539 199378 199378 I adb     : auth.cpp:468 Calling send_auth_response
04-14 02:24:28.565 199378 199378 I adb     : adb.cpp:176 3300b8e62f44b35f: offline
04-14 02:24:30.254 199378 228828 I adb     : transport.cpp:339 3300b8e62f44b35f: read failed: Protocol error
04-14 02:24:30.254 199378 228828 I adb     : transport.cpp:1248 3300b8e62f44b35f: connection terminated: read failed
04-14 02:24:30.255 199378 199378 I adb     : adb.cpp:176 3300b8e62f44b35f: offline
04-14 02:24:30.255 199378 199378 I adb     : transport.cpp:931 destroying transport 3300b8e62f44b35f
04-14 02:24:30.255 199378 199378 I adb     : transport.cpp:407 BlockingConnectionAdapter(3300b8e62f44b35f): stopping
04-14 02:24:30.258 199378 199378 I adb     : transport.cpp:425 BlockingConnectionAdapter(3300b8e62f44b35f): stopped
04-14 02:24:30.259 199378 199378 I adb     : transport.cpp:294 BlockingConnectionAdapter(3300b8e62f44b35f): destructing
04-14 02:24:30.259 199378 199378 I adb     : transport.cpp:400 BlockingConnectionAdapter(3300b8e62f44b35f): already stopped
04-14 02:28:02.790 199378 228991 I adb     : transport.cpp:335 3300b8e62f44b35f: read thread spawning
04-14 02:28:02.790 199378 228992 I adb     : transport.cpp:307 3300b8e62f44b35f: write thread spawning
04-14 02:28:02.791 199378 199378 I adb     : adb.cpp:172 3300b8e62f44b35f: already offline
04-14 02:33:48.531 199378 228991 I adb     : transport.cpp:339 3300b8e62f44b35f: read failed: Cannot send after transport endpoint shutdown
04-14 02:33:48.531 199378 228991 I adb     : transport.cpp:1248 3300b8e62f44b35f: connection terminated: read failed
04-14 02:33:48.531 199378 199378 I adb     : adb.cpp:176 3300b8e62f44b35f: offline
04-14 02:33:48.531 199378 199378 I adb     : transport.cpp:931 destroying transport 3300b8e62f44b35f
04-14 02:33:48.531 199378 199378 I adb     : transport.cpp:407 BlockingConnectionAdapter(3300b8e62f44b35f): stopping
04-14 02:33:48.531 199378 199378 I adb     : transport.cpp:425 BlockingConnectionAdapter(3300b8e62f44b35f): stopped
04-14 02:33:48.532 199378 199378 I adb     : transport.cpp:294 BlockingConnectionAdapter(3300b8e62f44b35f): destructing
04-14 02:33:48.532 199378 199378 I adb     : transport.cpp:400 BlockingConnectionAdapter(3300b8e62f44b35f): already stopped
04-14 03:28:41.434 199378 234130 I adb     : transport.cpp:335 3300b8e62f44b35f: read thread spawning
04-14 03:28:41.434 199378 234131 I adb     : transport.cpp:307 3300b8e62f44b35f: write thread spawning
04-14 03:28:41.438 199378 199378 I adb     : transport.cpp:1727 fetching keys for transport 3300b8e62f44b35f
04-14 03:28:41.438 199378 199378 I adb     : auth.cpp:468 Calling send_auth_response
04-14 03:28:41.459 199378 199378 I adb     : adb.cpp:176 3300b8e62f44b35f: offline
04-14 03:28:48.055 199378 234130 I adb     : transport.cpp:339 3300b8e62f44b35f: read failed: Protocol error
04-14 03:28:48.055 199378 234130 I adb     : transport.cpp:1248 3300b8e62f44b35f: connection terminated: read failed
04-14 03:28:48.056 199378 199378 I adb     : adb.cpp:176 3300b8e62f44b35f: offline
04-14 03:28:48.057 199378 199378 I adb     : transport.cpp:931 destroying transport 3300b8e62f44b35f
04-14 03:28:48.057 199378 199378 I adb     : transport.cpp:407 BlockingConnectionAdapter(3300b8e62f44b35f): stopping
04-14 03:28:48.057 199378 199378 I adb     : transport.cpp:425 BlockingConnectionAdapter(3300b8e62f44b35f): stopped
04-14 03:28:48.057 199378 199378 I adb     : transport.cpp:294 BlockingConnectionAdapter(3300b8e62f44b35f): destructing
04-14 03:28:48.057 199378 199378 I adb     : transport.cpp:400 BlockingConnectionAdapter(3300b8e62f44b35f): already stopped
04-14 03:28:48.805 199378 234170 I adb     : transport.cpp:335 3300b8e62f44b35f: read thread spawning
04-14 03:28:48.805 199378 234171 I adb     : transport.cpp:307 3300b8e62f44b35f: write thread spawning
04-14 03:28:48.807 199378 199378 I adb     : transport.cpp:1727 fetching keys for transport 3300b8e62f44b35f
04-14 03:28:48.807 199378 199378 I adb     : auth.cpp:468 Calling send_auth_response
04-14 03:28:48.818 199378 199378 I adb     : adb.cpp:176 3300b8e62f44b35f: offline
04-14 03:31:55.237 199378 234170 I adb     : transport.cpp:339 3300b8e62f44b35f: read failed: Cannot send after transport endpoint shutdown
04-14 03:31:55.237 199378 234170 I adb     : transport.cpp:1248 3300b8e62f44b35f: connection terminated: read failed
04-14 03:31:55.239 199378 199378 I adb     : adb.cpp:176 3300b8e62f44b35f: offline
04-14 03:31:55.239 199378 199378 I adb     : transport.cpp:931 destroying transport 3300b8e62f44b35f
04-14 03:31:55.239 199378 199378 I adb     : transport.cpp:407 BlockingConnectionAdapter(3300b8e62f44b35f): stopping
04-14 03:31:55.239 199378 199378 I adb     : transport.cpp:425 BlockingConnectionAdapter(3300b8e62f44b35f): stopped
04-14 03:31:55.239 199378 199378 I adb     : transport.cpp:294 BlockingConnectionAdapter(3300b8e62f44b35f): destructing
04-14 03:31:55.239 199378 199378 I adb     : transport.cpp:400 BlockingConnectionAdapter(3300b8e62f44b35f): already stopped
04-14 14:42:44.864 199378 240069 I adb     : transport.cpp:307 3300b8e62f44b35f: write thread spawning
04-14 14:42:44.865 199378 240068 I adb     : transport.cpp:335 3300b8e62f44b35f: read thread spawning
04-14 14:42:44.871 199378 199378 I adb     : transport.cpp:1727 fetching keys for transport 3300b8e62f44b35f
04-14 14:42:44.871 199378 199378 I adb     : auth.cpp:468 Calling send_auth_response
04-14 14:42:44.912 199378 199378 I adb     : adb.cpp:176 3300b8e62f44b35f: offline
04-14 14:42:50.188 199378 240068 I adb     : transport.cpp:339 3300b8e62f44b35f: read failed: Cannot send after transport endpoint shutdown
04-14 14:42:50.188 199378 240068 I adb     : transport.cpp:1248 3300b8e62f44b35f: connection terminated: read failed
04-14 14:42:50.188 199378 199378 I adb     : adb.cpp:176 3300b8e62f44b35f: offline
04-14 14:42:50.188 199378 199378 I adb     : transport.cpp:931 destroying transport 3300b8e62f44b35f
04-14 14:42:50.188 199378 199378 I adb     : transport.cpp:407 BlockingConnectionAdapter(3300b8e62f44b35f): stopping
04-14 14:42:50.189 199378 199378 I adb     : transport.cpp:425 BlockingConnectionAdapter(3300b8e62f44b35f): stopped
04-14 14:42:50.189 199378 199378 I adb     : transport.cpp:294 BlockingConnectionAdapter(3300b8e62f44b35f): destructing
04-14 14:42:50.189 199378 199378 I adb     : transport.cpp:400 BlockingConnectionAdapter(3300b8e62f44b35f): already stopped
04-14 14:42:51.192 199378 240152 I adb     : transport.cpp:335 3300b8e62f44b35f: read thread spawning
04-14 14:42:51.192 199378 240153 I adb     : transport.cpp:307 3300b8e62f44b35f: write thread spawning
04-14 14:42:51.195 199378 199378 I adb     : transport.cpp:1727 fetching keys for transport 3300b8e62f44b35f
04-14 14:42:51.195 199378 199378 I adb     : auth.cpp:468 Calling send_auth_response
04-14 14:42:51.208 199378 199378 I adb     : adb.cpp:176 3300b8e62f44b35f: offline
04-14 14:55:52.664 199378 240152 I adb     : transport.cpp:339 3300b8e62f44b35f: read failed: Cannot send after transport endpoint shutdown
04-14 14:55:52.665 199378 240152 I adb     : transport.cpp:1248 3300b8e62f44b35f: connection terminated: read failed
04-14 14:55:52.665 199378 199378 I adb     : adb.cpp:176 3300b8e62f44b35f: offline
04-14 14:55:52.665 199378 199378 I adb     : transport.cpp:931 destroying transport 3300b8e62f44b35f
04-14 14:55:52.665 199378 199378 I adb     : transport.cpp:407 BlockingConnectionAdapter(3300b8e62f44b35f): stopping
04-14 14:55:52.665 199378 199378 I adb     : transport.cpp:425 BlockingConnectionAdapter(3300b8e62f44b35f): stopped
04-14 14:55:52.665 199378 199378 I adb     : transport.cpp:294 BlockingConnectionAdapter(3300b8e62f44b35f): destructing
04-14 14:55:52.665 199378 199378 I adb     : transport.cpp:400 BlockingConnectionAdapter(3300b8e62f44b35f): already stopped
04-20 13:40:06.624 199378 480655 I adb     : transport.cpp:307 3300b8e62f44b35f: write thread spawning
04-20 13:40:06.626 199378 480654 I adb     : transport.cpp:335 3300b8e62f44b35f: read thread spawning
04-20 13:40:06.642 199378 199378 I adb     : adb.cpp:172 3300b8e62f44b35f: already offline
04-20 13:42:38.043 199378 480654 I adb     : transport.cpp:339 3300b8e62f44b35f: read failed: Protocol error
04-20 13:42:38.043 199378 480654 I adb     : transport.cpp:1248 3300b8e62f44b35f: connection terminated: read failed
04-20 13:42:38.044 199378 199378 I adb     : adb.cpp:176 3300b8e62f44b35f: offline
04-20 13:42:38.044 199378 199378 I adb     : transport.cpp:931 destroying transport 3300b8e62f44b35f
04-20 13:42:38.044 199378 199378 I adb     : transport.cpp:407 BlockingConnectionAdapter(3300b8e62f44b35f): stopping
04-20 13:42:38.045 199378 199378 I adb     : transport.cpp:425 BlockingConnectionAdapter(3300b8e62f44b35f): stopped
04-20 13:42:38.045 199378 199378 I adb     : transport.cpp:294 BlockingConnectionAdapter(3300b8e62f44b35f): destructing
04-20 13:42:38.045 199378 199378 I adb     : transport.cpp:400 BlockingConnectionAdapter(3300b8e62f44b35f): already stopped
04-20 14:35:26.629 199378 513696 I adb     : transport.cpp:335 3300b8e62f44b35f: read thread spawning
04-20 14:35:26.629 199378 513697 I adb     : transport.cpp:307 3300b8e62f44b35f: write thread spawning
04-20 14:35:26.637 199378 199378 I adb     : transport.cpp:1727 fetching keys for transport 3300b8e62f44b35f
04-20 14:35:26.637 199378 199378 I adb     : auth.cpp:468 Calling send_auth_response
04-20 14:35:26.681 199378 199378 I adb     : adb.cpp:176 3300b8e62f44b35f: offline
04-20 14:35:36.963 199378 513696 I adb     : transport.cpp:339 3300b8e62f44b35f: read failed: Cannot send after transport endpoint shutdown
04-20 14:35:36.963 199378 513696 I adb     : transport.cpp:1248 3300b8e62f44b35f: connection terminated: read failed
04-20 14:35:36.965 199378 199378 I adb     : adb.cpp:176 3300b8e62f44b35f: offline
04-20 14:35:36.965 199378 199378 I adb     : transport.cpp:931 destroying transport 3300b8e62f44b35f
04-20 14:35:36.965 199378 199378 I adb     : transport.cpp:407 BlockingConnectionAdapter(3300b8e62f44b35f): stopping
04-20 14:35:36.972 199378 199378 I adb     : transport.cpp:425 BlockingConnectionAdapter(3300b8e62f44b35f): stopped
04-20 14:35:36.972 199378 199378 I adb     : transport.cpp:294 BlockingConnectionAdapter(3300b8e62f44b35f): destructing
04-20 14:35:36.972 199378 199378 I adb     : transport.cpp:400 BlockingConnectionAdapter(3300b8e62f44b35f): already stopped
04-20 14:35:38.569 199378 514054 I adb     : transport.cpp:335 3300b8e62f44b35f: read thread spawning
04-20 14:35:38.569 199378 514055 I adb     : transport.cpp:307 3300b8e62f44b35f: write thread spawning
04-20 14:35:38.576 199378 199378 I adb     : transport.cpp:1727 fetching keys for transport 3300b8e62f44b35f
04-20 14:35:38.576 199378 199378 I adb     : auth.cpp:468 Calling send_auth_response
04-20 14:35:38.600 199378 199378 I adb     : adb.cpp:176 3300b8e62f44b35f: offline
04-20 14:36:00.190 199378 514054 I adb     : transport.cpp:339 3300b8e62f44b35f: read failed: Cannot send after transport endpoint shutdown
04-20 14:36:00.190 199378 514054 I adb     : transport.cpp:1248 3300b8e62f44b35f: connection terminated: read failed
04-20 14:36:00.191 199378 199378 I adb     : adb.cpp:176 3300b8e62f44b35f: offline
04-20 14:36:00.191 199378 199378 I adb     : transport.cpp:931 destroying transport 3300b8e62f44b35f
04-20 14:36:00.191 199378 199378 I adb     : transport.cpp:407 BlockingConnectionAdapter(3300b8e62f44b35f): stopping
04-20 14:36:00.191 199378 199378 I adb     : transport.cpp:425 BlockingConnectionAdapter(3300b8e62f44b35f): stopped
04-20 14:36:00.191 199378 199378 I adb     : transport.cpp:294 BlockingConnectionAdapter(3300b8e62f44b35f): destructing
04-20 14:36:00.191 199378 199378 I adb     : transport.cpp:400 BlockingConnectionAdapter(3300b8e62f44b35f): already stopped
04-20 14:37:13.548 199378 515956 I adb     : transport.cpp:335 3300b8e62f44b35f: read thread spawning
04-20 14:37:13.548 199378 515957 I adb     : transport.cpp:307 3300b8e62f44b35f: write thread spawning
04-20 14:37:13.552 199378 199378 I adb     : transport.cpp:1727 fetching keys for transport 3300b8e62f44b35f
04-20 14:37:13.552 199378 199378 I adb     : auth.cpp:468 Calling send_auth_response
04-20 14:37:13.564 199378 199378 I adb     : adb.cpp:176 3300b8e62f44b35f: offline
04-20 14:37:14.525 199378 515956 I adb     : transport.cpp:339 3300b8e62f44b35f: read failed: Protocol error
04-20 14:37:14.525 199378 515956 I adb     : transport.cpp:1248 3300b8e62f44b35f: connection terminated: read failed
04-20 14:37:14.527 199378 199378 I adb     : adb.cpp:176 3300b8e62f44b35f: offline
04-20 14:37:14.527 199378 199378 I adb     : transport.cpp:931 destroying transport 3300b8e62f44b35f
04-20 14:37:14.527 199378 199378 I adb     : transport.cpp:407 BlockingConnectionAdapter(3300b8e62f44b35f): stopping
04-20 14:37:14.529 199378 199378 I adb     : transport.cpp:425 BlockingConnectionAdapter(3300b8e62f44b35f): stopped
04-20 14:37:14.529 199378 199378 I adb     : transport.cpp:294 BlockingConnectionAdapter(3300b8e62f44b35f): destructing
04-20 14:37:14.529 199378 199378 I adb     : transport.cpp:400 BlockingConnectionAdapter(3300b8e62f44b35f): already stopped
04-20 14:37:16.126 199378 516032 I adb     : transport.cpp:335 3300b8e62f44b35f: read thread spawning
04-20 14:37:16.126 199378 516033 I adb     : transport.cpp:307 3300b8e62f44b35f: write thread spawning
04-20 14:37:16.134 199378 199378 I adb     : transport.cpp:1727 fetching keys for transport 3300b8e62f44b35f
04-20 14:37:16.138 199378 199378 I adb     : auth.cpp:468 Calling send_auth_response
04-20 14:37:16.163 199378 199378 I adb     : adb.cpp:176 3300b8e62f44b35f: offline
04-20 14:40:52.711 199378 516032 I adb     : transport.cpp:339 3300b8e62f44b35f: read failed: Cannot send after transport endpoint shutdown
04-20 14:40:52.711 199378 516032 I adb     : transport.cpp:1248 3300b8e62f44b35f: connection terminated: read failed
04-20 14:40:52.711 199378 199378 I adb     : adb.cpp:176 3300b8e62f44b35f: offline
04-20 14:40:52.711 199378 199378 I adb     : transport.cpp:931 destroying transport 3300b8e62f44b35f
04-20 14:40:52.711 199378 199378 I adb     : transport.cpp:407 BlockingConnectionAdapter(3300b8e62f44b35f): stopping
04-20 14:40:52.712 199378 199378 I adb     : transport.cpp:425 BlockingConnectionAdapter(3300b8e62f44b35f): stopped
04-20 14:40:52.712 199378 199378 I adb     : transport.cpp:294 BlockingConnectionAdapter(3300b8e62f44b35f): destructing
04-20 14:40:52.712 199378 199378 I adb     : transport.cpp:400 BlockingConnectionAdapter(3300b8e62f44b35f): already stopped
04-20 18:20:53.325 199378 569108 I adb     : transport.cpp:335 3300b8e62f44b35f: read thread spawning
04-20 18:20:53.326 199378 569109 I adb     : transport.cpp:307 3300b8e62f44b35f: write thread spawning
04-20 18:20:53.332 199378 199378 I adb     : transport.cpp:1727 fetching keys for transport 3300b8e62f44b35f
04-20 18:20:53.332 199378 199378 I adb     : auth.cpp:468 Calling send_auth_response
04-20 18:20:53.378 199378 199378 I adb     : adb.cpp:176 3300b8e62f44b35f: offline
04-20 18:20:57.752 199378 569108 I adb     : transport.cpp:339 3300b8e62f44b35f: read failed: Protocol error
04-20 18:20:57.752 199378 569108 I adb     : transport.cpp:1248 3300b8e62f44b35f: connection terminated: read failed
04-20 18:20:57.753 199378 199378 I adb     : adb.cpp:176 3300b8e62f44b35f: offline
04-20 18:20:57.753 199378 199378 I adb     : transport.cpp:931 destroying transport 3300b8e62f44b35f
04-20 18:20:57.753 199378 199378 I adb     : transport.cpp:407 BlockingConnectionAdapter(3300b8e62f44b35f): stopping
04-20 18:20:57.754 199378 199378 I adb     : transport.cpp:425 BlockingConnectionAdapter(3300b8e62f44b35f): stopped
04-20 18:20:57.754 199378 199378 I adb     : transport.cpp:294 BlockingConnectionAdapter(3300b8e62f44b35f): destructing
04-20 18:20:57.754 199378 199378 I adb     : transport.cpp:400 BlockingConnectionAdapter(3300b8e62f44b35f): already stopped
04-20 18:20:58.592 199378 569148 I adb     : transport.cpp:307 3300b8e62f44b35f: write thread spawning
04-20 18:20:58.592 199378 569147 I adb     : transport.cpp:335 3300b8e62f44b35f: read thread spawning
04-20 18:20:58.596 199378 199378 I adb     : transport.cpp:1727 fetching keys for transport 3300b8e62f44b35f
04-20 18:20:58.596 199378 199378 I adb     : auth.cpp:468 Calling send_auth_response
04-20 18:20:58.606 199378 199378 I adb     : adb.cpp:176 3300b8e62f44b35f: offline
04-20 18:21:44.825 199378 569147 I adb     : transport.cpp:339 3300b8e62f44b35f: read failed: Protocol error
04-20 18:21:44.825 199378 569147 I adb     : transport.cpp:1248 3300b8e62f44b35f: connection terminated: read failed
04-20 18:21:44.825 199378 199378 I adb     : adb.cpp:176 3300b8e62f44b35f: offline
04-20 18:21:44.825 199378 199378 I adb     : transport.cpp:931 destroying transport 3300b8e62f44b35f
04-20 18:21:44.825 199378 199378 I adb     : transport.cpp:407 BlockingConnectionAdapter(3300b8e62f44b35f): stopping
04-20 18:21:44.826 199378 199378 I adb     : transport.cpp:425 BlockingConnectionAdapter(3300b8e62f44b35f): stopped
04-20 18:21:44.826 199378 199378 I adb     : transport.cpp:294 BlockingConnectionAdapter(3300b8e62f44b35f): destructing
04-20 18:21:44.826 199378 199378 I adb     : transport.cpp:400 BlockingConnectionAdapter(3300b8e62f44b35f): already stopped
